[    0.000000] Linux version 4.15.0-213-generic (buildd@lcy02-amd64-079) (gcc version 7.5.0 (Ubuntu 7.5.0-3ubuntu1~18.04)) #224-Ubuntu SMP Mon Jun 19 13:30:12 UTC 2023 (Ubuntu 4.15.0-213.224-generic 4.15.18)
[    0.000000] Command line: BOOT_IMAGE=/boot/vmlinuz-4.15.0-213-generic root=UUID=f685bb41-0e3b-40c4-89c1-eea0f0583525 ro console=tty1 console=ttyS0
[    0.000000] KERNEL supported cpus:
[    0.000000]   Intel GenuineIntel
[    0.000000]   AMD AuthenticAMD
[    0.000000]   Centaur CentaurHauls
[    0.000000] x86/fpu: Supporting XSAVE feature 0x001: 'x87 floating point registers'
[    0.000000] x86/fpu: Supporting XSAVE feature 0x002: 'SSE registers'
[    0.000000] x86/fpu: Supporting XSAVE feature 0x004: 'AVX registers'
[    0.000000] x86/fpu: xstate_offset[2]:  576, xstate_sizes[2]:  256
[    0.000000] x86/fpu: Enabled xstate features 0x7, context size is 832 bytes, using 'standard' format.
[    0.000000] e820: BIOS-provided physical RAM map:
[    0.000000] BIOS-e820: [mem 0x0000000000000000-0x000000000009fbff] usable
[    0.000000] BIOS-e820: [mem 0x000000000009fc00-0x000000000009ffff] reserved
[    0.000000] BIOS-e820: [mem 0x00000000000f0000-0x00000000000fffff] reserved
[    0.000000] BIOS-e820: [mem 0x0000000000100000-0x000000003ffeffff] usable
[    0.000000] BIOS-e820: [mem 0x000000003fff0000-0x000000003fffffff] ACPI data
[    0.000000] BIOS-e820: [mem 0x00000000fec00000-0x00000000fec00fff] reserved
[    0.000000] BIOS-e820: [mem 0x00000000fee00000-0x00000000fee00fff] reserved
[    0.000000] BIOS-e820: [mem 0x00000000fffc0000-0x00000000ffffffff] reserved
[    0.000000] NX (Execute Disable) protection: active
[    0.000000] SMBIOS 2.5 present.
[    0.000000] DMI: innotek GmbH VirtualBox/VirtualBox, BIOS VirtualBox 12/01/2006
[    0.000000] Hypervisor detected: KVM
[    0.000000] e820: last_pfn = 0x3fff0 max_arch_pfn = 0x400000000
[    0.000000] MTRR: Disabled
[    0.000000] x86/PAT: MTRRs disabled, skipping PAT initialization too.
[    0.000000] CPU MTRRs all blank - virtualized system.
[    0.000000] x86/PAT: Configuration [0-7]: WB  WT  UC- UC  WB  WT  UC- UC  
[    0.000000] found SMP MP-table at [mem 0x0009fff0-0x0009ffff]
[    0.000000] Scanning 1 areas for low memory corruption
[    0.000000] RAMDISK: [mem 0x35819000-0x36c03fff]
[    0.000000] ACPI: Early table checksum verification disabled
[    0.000000] ACPI: RSDP 0x00000000000E0000 000024 (v02 VBOX  )
[    0.000000] ACPI: XSDT 0x000000003FFF0030 00003C (v01 VBOX   VBOXXSDT 00000001 ASL  00000061)
[    0.000000] ACPI: FACP 0x000000003FFF00F0 0000F4 (v04 VBOX   VBOXFACP 00000001 ASL  00000061)
[    0.000000] ACPI: DSDT 0x000000003FFF0610 002353 (v02 VBOX   VBOXBIOS 00000002 INTL 20100528)
[    0.000000] ACPI: FACS 0x000000003FFF0200 000040
[    0.000000] ACPI: FACS 0x000000003FFF0200 000040
[    0.000000] ACPI: APIC 0x000000003FFF0240 00005C (v02 VBOX   VBOXAPIC 00000001 ASL  00000061)
[    0.000000] ACPI: SSDT 0x000000003FFF02A0 00036C (v01 VBOX   VBOXCPUT 00000002 INTL 20100528)
[    0.000000] ACPI: Reserving FACP table memory at [mem 0x3fff00f0-0x3fff01e3]
[    0.000000] ACPI: Reserving DSDT table memory at [mem 0x3fff0610-0x3fff2962]
[    0.000000] ACPI: Reserving FACS table memory at [mem 0x3fff0200-0x3fff023f]
[    0.000000] ACPI: Reserving FACS table memory at [mem 0x3fff0200-0x3fff023f]
[    0.000000] ACPI: Reserving APIC table memory at [mem 0x3fff0240-0x3fff029b]
[    0.000000] ACPI: Reserving SSDT table memory at [mem 0x3fff02a0-0x3fff060b]
[    0.000000] No NUMA configuration found
[    0.000000] Faking a node at [mem 0x0000000000000000-0x000000003ffeffff]
[    0.000000] NODE_DATA(0) allocated [mem 0x3ffc5000-0x3ffeffff]
[    0.000000] kvm-clock: cpu 0, msr 0:3ff44001, primary cpu clock
[    0.000000] kvm-clock: Using msrs 4b564d01 and 4b564d00
[    0.000000] kvm-clock: using sched offset of 3629885494 cycles
[    0.000000] clocksource: kvm-clock: mask: 0xffffffffffffffff max_cycles: 0x1cd42e4dffb, max_idle_ns: 881590591483 ns
[    0.000000] Zone ranges:
[    0.000000]   DMA      [mem 0x0000000000001000-0x0000000000ffffff]
[    0.000000]   DMA32    [mem 0x0000000001000000-0x000000003ffeffff]
[    0.000000]   Normal   empty
[    0.000000]   Device   empty
[    0.000000] Movable zone start for each node
[    0.000000] Early memory node ranges
[    0.000000]   node   0: [mem 0x0000000000001000-0x000000000009efff]
[    0.000000]   node   0: [mem 0x0000000000100000-0x000000003ffeffff]
[    0.000000] Reserved but unavailable: 104 pages
[    0.000000] Initmem setup node 0 [mem 0x0000000000001000-0x000000003ffeffff]
[    0.000000] ACPI: PM-Timer IO Port: 0x4008
[    0.000000] IOAPIC[0]: apic_id 2, version 32, address 0xfec00000, GSI 0-23
[    0.000000] ACPI: INT_SRC_OVR (bus 0 bus_irq 0 global_irq 2 dfl dfl)
[    0.000000] ACPI: INT_SRC_OVR (bus 0 bus_irq 9 global_irq 9 low level)
[    0.000000] Using ACPI (MADT) for SMP configuration information
[    0.000000] smpboot: Allowing 2 CPUs, 0 hotplug CPUs
[    0.000000] PM: Registered nosave memory: [mem 0x00000000-0x00000fff]
[    0.000000] PM: Registered nosave memory: [mem 0x0009f000-0x0009ffff]
[    0.000000] PM: Registered nosave memory: [mem 0x000a0000-0x000effff]
[    0.000000] PM: Registered nosave memory: [mem 0x000f0000-0x000fffff]
[    0.000000] e820: [mem 0x40000000-0xfebfffff] available for PCI devices
[    0.000000] Booting paravirtualized kernel on KVM
[    0.000000] clocksource: refined-jiffies: mask: 0xffffffff max_cycles: 0xffffffff, max_idle_ns: 7645519600211568 ns
[    0.000000] setup_percpu: NR_CPUS:8192 nr_cpumask_bits:2 nr_cpu_ids:2 nr_node_ids:1
[    0.000000] percpu: Embedded 50 pages/cpu s167936 r8192 d28672 u1048576
[    0.000000] PV qspinlock hash table entries: 256 (order: 0, 4096 bytes)
[    0.000000] Built 1 zonelists, mobility grouping on.  Total pages: 257913
[    0.000000] Policy zone: DMA32
[    0.000000] Kernel command line: BOOT_IMAGE=/boot/vmlinuz-4.15.0-213-generic root=UUID=f685bb41-0e3b-40c4-89c1-eea0f0583525 ro console=tty1 console=ttyS0
[    0.000000] Memory: 981776K/1048120K available (12300K kernel code, 2477K rwdata, 4324K rodata, 2480K init, 2720K bss, 66344K reserved, 0K cma-reserved)
[    0.000000] SLUB: HWalign=64, Order=0-3, MinObjects=0, CPUs=2, Nodes=1
[    0.000000] Kernel/User page tables isolation: enabled
[    0.000000] ftrace: allocating 39508 entries in 155 pages
[    0.004000] Hierarchical RCU implementation.
[    0.004000] 	RCU restricting CPUs from NR_CPUS=8192 to nr_cpu_ids=2.
[    0.004000] 	Tasks RCU enabled.
[    0.004000] RCU: Adjusting geometry for rcu_fanout_leaf=16, nr_cpu_ids=2
[    0.004000] NR_IRQS: 524544, nr_irqs: 440, preallocated irqs: 16
[    0.004000] random: crng init done
[    0.004000] Console: colour VGA+ 80x25
[    0.004000] console [tty1] enabled
[    0.004000] console [ttyS0] enabled
[    0.004000] ACPI: Core revision 20170831
[    0.004000] ACPI: 2 ACPI AML tables successfully acquired and loaded
[    0.004000] APIC: Switch to symmetric I/O mode setup
[    0.006488] x2apic enabled
[    0.008036] Switched APIC routing to physical x2apic.
[    0.011834] ..TIMER: vector=0x30 apic1=0 pin1=2 apic2=-1 pin2=-1
[    0.012006] tsc: Detected 2808.002 MHz processor
[    0.016011] Calibrating delay loop (skipped) preset value.. 5616.00 BogoMIPS (lpj=11232008)
[    0.020008] pid_max: default: 32768 minimum: 301
[    0.022142] Security Framework initialized
[    0.024009] Yama: becoming mindful.
[    0.025014] AppArmor: AppArmor initialized
[    0.028058] Dentry cache hash table entries: 131072 (order: 8, 1048576 bytes)
[    0.032100] Inode-cache hash table entries: 65536 (order: 7, 524288 bytes)
[    0.033867] Mount-cache hash table entries: 2048 (order: 2, 16384 bytes)
[    0.036021] Mountpoint-cache hash table entries: 2048 (order: 2, 16384 bytes)
[    0.038818] Last level iTLB entries: 4KB 64, 2MB 8, 4MB 8
[    0.040006] Last level dTLB entries: 4KB 64, 2MB 0, 4MB 0, 1GB 4
[    0.041498] Spectre V1 : Mitigation: usercopy/swapgs barriers and __user pointer sanitization
[    0.044010] Spectre V2 : Mitigation: Retpolines
[    0.045529] Spectre V2 : Spectre v2 / SpectreRSB mitigation: Filling RSB on context switch
[    0.048005] Spectre V2 : Spectre v2 / SpectreRSB : Filling RSB on VMEXIT
[    0.049854] RETBleed: WARNING: Spectre v2 mitigation leaves CPU vulnerable to RETBleed attacks, data leaks possible!
[    0.052005] RETBleed: Vulnerable
[    0.052853] Speculative Store Bypass: Vulnerable
[    0.056089] MDS: Mitigation: Clear CPU buffers
[    0.057388] MMIO Stale Data: Mitigation: Clear CPU buffers
[    0.060009] SRBDS: Unknown: Dependent on hypervisor status
[    0.061700] Freeing SMP alternatives memory: 36K
[    0.156227] smpboot: CPU0: Intel(R) Core(TM) i7-7700HQ CPU @ 2.80GHz (family: 0x6, model: 0x9e, stepping: 0x9)
[    0.160113] Performance Events: unsupported p6 CPU model 158 no PMU driver, software events only.
[    0.164068] Hierarchical SRCU implementation.
[    0.168110] NMI watchdog: Perf event create on CPU 0 failed with -2
[    0.171280] NMI watchdog: Perf NMI watchdog permanently disabled
[    0.172081] smp: Bringing up secondary CPUs ...
[    0.176146] x86: Booting SMP configuration:
[    0.177817] .... node  #0, CPUs:      #1
[    0.004000] kvm-clock: cpu 1, msr 0:3ff44041, secondary cpu clock
[    0.192044] smp: Brought up 1 node, 2 CPUs
[    0.193469] smpboot: Max logical packages: 1
[    0.194569] smpboot: Total of 2 processors activated (11232.00 BogoMIPS)
[    0.196184] devtmpfs: initialized
[    0.200010] x86/mm: Memory block size: 128MB
[    0.201563] evm: security.selinux
[    0.202554] evm: security.SMACK64
[    0.203576] evm: security.SMACK64EXEC
[    0.204005] evm: security.SMACK64TRANSMUTE
[    0.205174] evm: security.SMACK64MMAP
[    0.206840] evm: security.apparmor
[    0.208010] evm: security.ima
[    0.208985] evm: security.capability
[    0.210053] clocksource: jiffies: mask: 0xffffffff max_cycles: 0xffffffff, max_idle_ns: 7645041785100000 ns
[    0.212027] futex hash table entries: 512 (order: 3, 32768 bytes)
[    0.213853] pinctrl core: initialized pinctrl subsystem
[    0.216253] RTC time: 20:40:49, date: 08/24/25
[    0.217552] NET: Registered protocol family 16
[    0.220144] audit: initializing netlink subsys (disabled)
[    0.221866] audit: type=2000 audit(1756068053.968:1): state=initialized audit_enabled=0 res=1
[    0.224024] cpuidle: using governor ladder
[    0.225509] cpuidle: using governor menu
[    0.226847] ACPI: bus type PCI registered
[    0.228010] acpiphp: ACPI Hot Plug PCI Controller Driver version: 0.5
[    0.230287] PCI: Using configuration type 1 for base access
[    0.233391] HugeTLB registered 2.00 MiB page size, pre-allocated 0 pages
[    0.236100] ACPI: Added _OSI(Module Device)
[    0.237392] ACPI: Added _OSI(Processor Device)
[    0.240008] ACPI: Added _OSI(3.0 _SCP Extensions)
[    0.241238] ACPI: Added _OSI(Processor Aggregator Device)
[    0.243059] ACPI: Added _OSI(Linux-Dell-Video)
[    0.244008] ACPI: Added _OSI(Linux-Lenovo-NV-HDMI-Audio)
[    0.245298] ACPI: Added _OSI(Linux-HPI-Hybrid-Graphics)
[    0.248102] ACPI: Executed 1 blocks of module-level executable AML code
[    0.256320] ACPI: Interpreter enabled
[    0.257848] ACPI: (supports S0 S5)
[    0.259187] ACPI: Using IOAPIC for interrupt routing
[    0.260401] PCI: Using host bridge windows from ACPI; if necessary, use "pci=nocrs" and report a bug
[    0.264194] ACPI: Enabled 2 GPEs in block 00 to 07
[    0.277232] ACPI: PCI Root Bridge [PCI0] (domain 0000 [bus 00-ff])
[    0.278783] acpi PNP0A03:00: _OSC: OS supports [ASPM ClockPM Segments MSI]
[    0.280871] acpi PNP0A03:00: _OSC: not requesting OS control; OS requires [ExtendedConfig ASPM ClockPM MSI]
[    0.284026] acpi PNP0A03:00: fail to add MMCONFIG information, can't access extended PCI configuration space under this bridge.
[    0.288642] PCI host bridge to bus 0000:00
[    0.291040] pci_bus 0000:00: root bus resource [io  0x0000-0x0cf7 window]
[    0.292009] pci_bus 0000:00: root bus resource [io  0x0d00-0xffff window]
[    0.293915] pci_bus 0000:00: root bus resource [mem 0x000a0000-0x000bffff window]
[    0.296009] pci_bus 0000:00: root bus resource [mem 0x40000000-0xfdffffff window]
[    0.298063] pci_bus 0000:00: root bus resource [bus 00-ff]
[    0.305413] pci 0000:00:01.1: legacy IDE quirk: reg 0x10: [io  0x01f0-0x01f7]
[    0.307142] pci 0000:00:01.1: legacy IDE quirk: reg 0x14: [io  0x03f6]
[    0.308009] pci 0000:00:01.1: legacy IDE quirk: reg 0x18: [io  0x0170-0x0177]
[    0.310122] pci 0000:00:01.1: legacy IDE quirk: reg 0x1c: [io  0x0376]
[    0.339758] pci 0000:00:07.0: quirk: [io  0x4000-0x403f] claimed by PIIX4 ACPI
[    0.340039] pci 0000:00:07.0: quirk: [io  0x4100-0x410f] claimed by PIIX4 SMB
[    0.353793] ACPI: PCI Interrupt Link [LNKA] (IRQs 5 9 10 *11)
[    0.356406] ACPI: PCI Interrupt Link [LNKB] (IRQs 5 9 *10 11)
[    0.359430] ACPI: PCI Interrupt Link [LNKC] (IRQs 5 *9 10 11)
[    0.360281] ACPI: PCI Interrupt Link [LNKD] (IRQs 5 9 10 *11)
[    0.364605] SCSI subsystem initialized
[    0.366246] pci 0000:00:02.0: vgaarb: setting as boot VGA device
[    0.366768] pci 0000:00:02.0: vgaarb: VGA device added: decodes=io+mem,owns=io+mem,locks=none
[    0.368014] pci 0000:00:02.0: vgaarb: bridge control possible
[    0.370183] vgaarb: loaded
[    0.372062] ACPI: bus type USB registered
[    0.375024] usbcore: registered new interface driver usbfs
[    0.376029] usbcore: registered new interface driver hub
[    0.378155] usbcore: registered new device driver usb
[    0.380088] EDAC MC: Ver: 3.0.0
[    0.381496] PCI: Using ACPI for IRQ routing
[    0.384375] NetLabel: Initializing
[    0.385934] NetLabel:  domain hash size = 128
[    0.388010] NetLabel:  protocols = UNLABELED CIPSOv4 CALIPSO
[    0.390356] NetLabel:  unlabeled traffic allowed by default
[    0.392085] clocksource: Switched to clocksource kvm-clock
[    0.407532] VFS: Disk quotas dquot_6.6.0
[    0.409112] VFS: Dquot-cache hash table entries: 512 (order 0, 4096 bytes)
[    0.411650] AppArmor: AppArmor Filesystem Enabled
[    0.413455] pnp: PnP ACPI init
[    0.415927] pnp: PnP ACPI: found 3 devices
[    0.427438] clocksource: acpi_pm: mask: 0xffffff max_cycles: 0xffffff, max_idle_ns: 2085701024 ns
[    0.429852] NET: Registered protocol family 2
[    0.431021] IP idents hash table entries: 16384 (order: 5, 131072 bytes)
[    0.433067] TCP established hash table entries: 8192 (order: 4, 65536 bytes)
[    0.434860] TCP bind hash table entries: 8192 (order: 5, 131072 bytes)
[    0.436662] TCP: Hash tables configured (established 8192 bind 8192)
[    0.438629] UDP hash table entries: 512 (order: 2, 16384 bytes)
[    0.440188] UDP-Lite hash table entries: 512 (order: 2, 16384 bytes)
[    0.441872] NET: Registered protocol family 1
[    0.443022] pci 0000:00:00.0: Limiting direct PCI/PCI transfers
[    0.444513] pci 0000:00:01.0: Activating ISA DMA hang workarounds
[    0.446037] pci 0000:00:02.0: Video device with shadowed ROM at [mem 0x000c0000-0x000dffff]
[    0.448370] Unpacking initramfs...
[    0.807698] Freeing initrd memory: 20396K
[    0.808936] clocksource: tsc: mask: 0xffffffffffffffff max_cycles: 0x2879c7f065b, max_idle_ns: 440795303690 ns
[    0.811452] platform rtc_cmos: registered platform RTC device (no PNP device found)
[    0.813493] Scanning for low memory corruption every 60 seconds
[    0.816365] Initialise system trusted keyrings
[    0.817954] Key type blacklist registered
[    0.819268] workingset: timestamp_bits=36 max_order=18 bucket_order=0
[    0.822711] zbud: loaded
[    0.824322] squashfs: version 4.0 (2009/01/31) Phillip Lougher
[    0.836617] fuse init (API version 7.26)
[    0.894737] Key type asymmetric registered
[    0.896489] Asymmetric key parser 'x509' registered
[    0.898285] Block layer SCSI generic (bsg) driver version 0.4 loaded (major 246)
[    0.901030] io scheduler noop registered
[    0.902300] io scheduler deadline registered
[    0.903477] io scheduler cfq registered (default)
[    0.905492] ACPI: AC Adapter [AC] (on-line)
[    0.907062] input: Power Button as /devices/LNXSYSTM:00/LNXPWRBN:00/input/input0
[    0.909763] ACPI: Power Button [PWRF]
[    0.911274] input: Sleep Button as /devices/LNXSYSTM:00/LNXSLPBN:00/input/input1
[    0.913734] ACPI: Sleep Button [SLPF]
[    0.917099] ACPI: Battery Slot [BAT0] (battery present)
[    0.919504] Serial: 8250/16550 driver, 32 ports, IRQ sharing enabled
[    0.952720] 00:02: ttyS0 at I/O 0x3f8 (irq = 4, base_baud = 115200) is a 16550A
[    0.960774] Linux agpgart interface v0.103
[    0.964473] loop: module loaded
[    0.967039] scsi host0: ata_piix
[    0.968724] scsi host1: ata_piix
[    0.970095] ata1: PATA max UDMA/33 cmd 0x1f0 ctl 0x3f6 bmdma 0xd000 irq 14
[    0.998241] ata2: PATA max UDMA/33 cmd 0x170 ctl 0x376 bmdma 0xd008 irq 15
[    1.004984] tun: Universal TUN/TAP device driver, 1.6
[    1.008479] PPP generic driver version 2.4.2
[    1.012603] ehci_hcd: USB 2.0 'Enhanced' Host Controller (EHCI) Driver
[    1.015160] ehci-pci: EHCI PCI platform driver
[    1.017188] ehci-platform: EHCI generic platform driver
[    1.019276] ohci_hcd: USB 1.1 'Open' Host Controller (OHCI) Driver
[    1.021869] ohci-pci: OHCI PCI platform driver
[    1.023410] ohci-platform: OHCI generic platform driver
[    1.024836] uhci_hcd: USB Universal Host Controller Interface driver
[    1.026548] i8042: PNP: PS/2 Controller [PNP0303:PS2K,PNP0f03:PS2M] at 0x60,0x64 irq 1,12
[    1.029519] serio: i8042 KBD port at 0x60,0x64 irq 1
[    1.030908] serio: i8042 AUX port at 0x60,0x64 irq 12
[    1.032480] mousedev: PS/2 mouse device common for all mice
[    1.034811] input: AT Translated Set 2 keyboard as /devices/platform/i8042/serio0/input/input2
[    1.036346] rtc_cmos rtc_cmos: rtc core: registered rtc_cmos as rtc0
[    1.047629] rtc_cmos rtc_cmos: alarms up to one day, 114 bytes nvram
[    1.049223] i2c /dev entries driver
[    1.050241] device-mapper: uevent: version 1.0.3
[    1.053661] device-mapper: ioctl: 4.37.0-ioctl (2017-09-20) initialised: dm-devel@redhat.com
[    1.056492] ledtrig-cpu: registered to indicate activity on CPUs
[    1.058649] NET: Registered protocol family 10
[    1.066316] Segment Routing with IPv6
[    1.067295] NET: Registered protocol family 17
[    1.068800] Key type dns_resolver registered
[    1.071048] mce: Using 0 MCE banks
[    1.072165] RAS: Correctable Errors collector initialized.
[    1.073715] sched_clock: Marking stable (1073674247, 0)->(1413233463, -339559216)
[    1.076010] registered taskstats version 1
[    1.077230] Loading compiled-in X.509 certificates
[    1.082139] Loaded X.509 cert 'Build time autogenerated kernel key: cdc7189136aaa35407544516090e2034d9c28e14'
[    1.085892] Loaded X.509 cert 'Canonical Ltd. Live Patch Signing: 14df34d1a87cf37625abec039ef2bf521249b969'
[    1.089248] Loaded X.509 cert 'Canonical Ltd. Kernel Module Signing: 88f752e560a1e0737e31163a466ad7b70a850c19'
[    1.091968] blacklist: Loading compiled-in revocation X.509 certificates
[    1.093867] Loaded X.509 cert 'Canonical Ltd. Secure Boot Signing: 61482aa2830d0ab2ad5af10b7250da9033ddcef0'
[    1.096259] Loaded X.509 cert 'Canonical Ltd. Secure Boot Signing (2017): 242ade75ac4a15e50d50c84b0d45ff3eae707a03'
[    1.098922] Loaded X.509 cert 'Canonical Ltd. Secure Boot Signing (ESM 2018): 365188c1d374d6b07c3c8f240f8ef722433d6a8b'
[    1.102464] Loaded X.509 cert 'Canonical Ltd. Secure Boot Signing (2019): c0746fd6c5da3ae827864651ad66ae47fe24b3e8'
[    1.105189] Loaded X.509 cert 'Canonical Ltd. Secure Boot Signing (2021 v1): a8d54bbb3825cfb94fa13c9f8a594a195c107b8d'
[    1.107978] Loaded X.509 cert 'Canonical Ltd. Secure Boot Signing (2021 v2): 4cf046892d6fd3c9a5b03f98d845f90851dc6a8c'
[    1.111432] Loaded X.509 cert 'Canonical Ltd. Secure Boot Signing (2021 v3): 100437bb6de6e469b581e61cd66bce3ef4ed53af'
[    1.114184] Loaded X.509 cert 'Canonical Ltd. Secure Boot Signing (Ubuntu Core 2019): c1d57b8f6b743f23ee41f4f7ee292f06eecadfb9'
[    1.117242] zswap: loaded using pool lzo/zbud
[    1.124161] Key type big_key registered
[    1.125226] Key type trusted registered
[    1.128876] Key type encrypted registered
[    1.130137] AppArmor: AppArmor sha1 policy hashing enabled
[    1.131804] ima: No TPM chip found, activating TPM-bypass! (rc=-19)
[    1.134385] ima: Allocated hash algorithm: sha1
[    1.135990] evm: HMAC attrs: 0x1
[    1.137450]   Magic number: 5:73:701
[    1.138729] rtc_cmos rtc_cmos: setting system clock to 2025-08-24 20:40:50 UTC (1756068050)
[    1.141349] BIOS EDD facility v0.16 2004-Jun-25, 0 devices found
[    1.142871] EDD information not available.
[    1.198987] Freeing unused kernel image memory: 2480K
[    1.212943] Write protecting the kernel read-only data: 20480k
[    1.215224] Freeing unused kernel image memory: 2008K
[    1.217423] Freeing unused kernel image memory: 1820K
[    1.233941] x86/mm: Checked W+X mappings: passed, no W+X pages found.
[    1.237425] x86/mm: Checking user space page tables
[    1.252720] x86/mm: Checked W+X mappings: passed, no W+X pages found.
Loading, please wait...
starting version 237
[    1.369230] Fusion MPT base driver 3.04.20
[    1.370630] Copyright (c) 1999-2008 LSI Corporation
[    1.373448] e1000: Intel(R) PRO/1000 Network Driver - version 7.3.21-k8-NAPI
[    1.376940] e1000: Copyright (c) 1999-2006 Intel Corporation.
[    1.387453] Fusion MPT SPI Host driver 3.04.20
[    1.407725] AVX2 version of gcm_enc/dec engaged.
[    1.412887] AES CTR mode by8 optimization enabled
[    1.600680] input: ImExPS/2 Generic Explorer Mouse as /devices/platform/i8042/serio1/input/input4
[    1.875555] e1000 0000:00:03.0 eth0: (PCI:33MHz:32-bit) 02:3b:7b:b7:3b:2d
[    1.877415] e1000 0000:00:03.0 eth0: Intel(R) PRO/1000 Network Connection
[    1.881171] mptbase: ioc0: Initiating bringup
[    1.881343] e1000 0000:00:03.0 enp0s3: renamed from eth0
[    2.008616] ioc0: LSI53C1030 A0: Capabilities={Initiator}
[    2.250267] scsi host2: ioc0: LSI53C1030 A0, FwRev=00000000h, Ports=1, MaxQ=256, IRQ=20
[    2.416861] scsi 2:0:0:0: Direct-Access     VBOX     HARDDISK         1.0  PQ: 0 ANSI: 5
[    2.448826] scsi target2:0:0: Beginning Domain Validation
[    2.452378] scsi target2:0:0: Domain Validation skipping write tests
[    2.453767] scsi target2:0:0: Ending Domain Validation
[    2.454866] scsi target2:0:0: asynchronous
[    2.456224] scsi 2:0:1:0: Direct-Access     VBOX     HARDDISK         1.0  PQ: 0 ANSI: 5
[    2.488922] scsi target2:0:1: Beginning Domain Validation
[    2.491908] scsi target2:0:1: Domain Validation skipping write tests
[    2.493707] scsi target2:0:1: Ending Domain Validation
[    2.495274] scsi target2:0:1: asynchronous
[    2.502065] sd 2:0:0:0: Attached scsi generic sg0 type 0
[    2.503527] sd 2:0:0:0: [sda] 83886080 512-byte logical blocks: (42.9 GB/40.0 GiB)
[    2.505685] sd 2:0:0:0: [sda] Write Protect is off
[    2.507187] sd 2:0:0:0: [sda] Incomplete mode parameter data
[    2.508635] sd 2:0:0:0: [sda] Assuming drive cache: write through
[    2.511329] sd 2:0:1:0: [sdb] 20480 512-byte logical blocks: (10.5 MB/10.0 MiB)
[    2.513489] sd 2:0:1:0: [sdb] Write Protect is off
[    2.514814] sd 2:0:1:0: Attached scsi generic sg1 type 0
[    2.516506] sd 2:0:1:0: [sdb] Incomplete mode parameter data
[    2.518041] sd 2:0:1:0: [sdb] Assuming drive cache: write through
[    2.540429]  sda: sda1
[    2.542482] sd 2:0:0:0: [sda] Attached SCSI disk
[    2.565471] sd 2:0:1:0: [sdb] Attached SCSI disk
Begin: Loading essential drivers ... [    4.839855] raid6: sse2x1   gen()  8842 MB/s
[    4.889209] raid6: sse2x1   xor()  4853 MB/s
[    4.936106] raid6: sse2x2   gen() 10851 MB/s
[    4.984091] raid6: sse2x2   xor()  6859 MB/s
[    5.032223] raid6: sse2x4   gen() 12252 MB/s
[    5.085507] raid6: sse2x4   xor()  9600 MB/s
[    5.132145] raid6: avx2x1   gen() 22318 MB/s
[    5.188103] raid6: avx2x1   xor() 15990 MB/s
[    5.236396] raid6: avx2x2   gen() 23599 MB/s
[    5.285558] raid6: avx2x2   xor() 15734 MB/s
[    5.332442] raid6: avx2x4   gen() 25562 MB/s
[    5.380159] raid6: avx2x4   xor() 15831 MB/s
[    5.381241] raid6: using algorithm avx2x4 gen() 25562 MB/s
[    5.382611] raid6: .... xor() 15831 MB/s, rmw enabled
[    5.384019] raid6: using avx2x2 recovery algorithm
[    5.386783] xor: automatically using best checksumming function   avx       
[    5.389688] async_tx: api initialized (async)
done.
Begin: Running /scripts/init-premount ... done.
Begin: Mounting root file system ... Begin: Running /scripts/local-top ... done.
Begin: Running /scripts/local-premount ... [    5.436447] Btrfs loaded, crc32c=crc32c-intel
Scanning for Btrfs filesystems
done.
Begin: Will now check root file system ... fsck from util-linux 2.31.1
[/sbin/fsck.ext4 (1) -- /dev/sda1] fsck.ext4 -a -C0 /dev/sda1 
cloudimg-rootfs: recovering journal
cloudimg-rootfs: clean, 107916/5120000 files, 773054/10485499 blocks
done.
[    6.723612] EXT4-fs (sda1): mounted filesystem with ordered data mode. Opts: (null)
done.
Begin: Running /scripts/local-bottom ... done.
Begin: Running /scripts/init-bottom ... done.
[    6.926281] ip_tables: (C) 2000-2006 Netfilter Core Team
[    6.936314] systemd[1]: systemd 237 running in system mode. (+PAM +AUDIT +SELINUX +IMA +APPARMOR +SMACK +SYSVINIT +UTMP +LIBCRYPTSETUP +GCRYPT +GNUTLS +ACL +XZ +LZ4 +SECCOMP +BLKID +ELFUTILS +KMOD -IDN2 +IDN -PCRE2 default-hierarchy=hybrid)
[    6.944167] systemd[1]: Detected virtualization oracle.
[    6.946053] systemd[1]: Detected architecture x86-64.

Welcome to [1mUbuntu 18.04.6 LTS[0m!

[    6.961709] systemd[1]: Set hostname to <ubuntu-bionic>.
[    7.471121] systemd[1]: Reached target User and Group Name Lookups.
[[0;32m  OK  [0m] Reached target User and Group Name Lookups.
[    7.476531] systemd[1]: Created slice System Slice.
[[0;32m  OK  [0m] Created slice System Slice.
[    7.842081] systemd[1]: Listening on Journal Socket (/dev/log).
[[0;32m  OK  [0m] Listening on Journal Socket (/dev/log).
[    7.845305] systemd[1]: Listening on Journal Socket.
[[0;32m  OK  [0m] Listening on Journal Socket.
[    7.849169] systemd[1]: Starting Set the console keyboard layout...
         Starting Set the console keyboard layout...
[    7.857772] systemd[1]: Starting Create list of required static device nodes for the current kernel...
         Starting Create list of required stâ€¦ce nodes for the current kernel...
[[0;32m  OK  [0m] Reached target Mounting snaps.
[[0;32m  OK  [0m] Reached target Mounted snaps.
[[0;32m  OK  [0m] Listening on fsck to fsckd communication Socket.
[[0;32m  OK  [0m] Listening on Network Service Netlink Socket.
[[0;32m  OK  [0m] Listening on LVM2 metadata daemon socket.
         Mounting Kernel Debug File System...
[[0;32m  OK  [0m] Listening on Journal Audit Socket.
[[0;32m  OK  [0m] Reached target Swap.
[[0;32m  OK  [0m] Listening on udev Kernel Socket.
[[0;32m  OK  [0m] Listening on Syslog Socket.
         Starting Journal Service...
[[0;32m  OK  [0m] Listening on udev Control Socket.
         Starting udev Coldplug all Devices...
         Starting Remount Root and Kernel File Systems...
[[0;32m  OK  [0m] Listening on /dev/initctl Compatibility Named Pipe.
[[0;32m  OK  [0m] Set up automount Arbitrary Executabâ€¦rmats File System Automount Point.
         Starting Load Kernel Modules...
[[0;32m  OK  [0m] Created slice system-serial\x2dgetty.slice.
[[0;32m  OK  [0m] Listening on LVM2 poll daemon socket.
[[0;32m  OK  [0m] Created slice User and Session Slice.
         Starting Uncomplicated firewall...
[[0;32m  OK  [0m] Reached target System Time Synchronized.
[[0;32m  OK  [0m] Started Forward Password Requests to Wall Directory Watch.
         Mounting POSIX Message Queue File System...
[[0;32m  OK  [0m] Listening on Device-mapper event daemon FIFOs.
         Starting Monitoring of LVM2 mirrorsâ€¦ng dmeventd or progress polling...
[[0;32m  OK  [0m] Reached target Slices.
         Mounting Huge Pages File System...
[[0;32m  OK  [0m] Started Journal Service.
[[0;32m  OK  [0m] Started Create list of required staâ€¦vice nodes for the current kernel.
[[0;32m  OK  [0m] Mounted Kernel Debug File System.
[[0;32m  OK  [0m] Mounted POSIX Message Queue File System.
[[0;32m  OK  [0m] Mounted Huge Pages File System.
         Starting Create Static Device Nodes in /dev...
[    8.450520] EXT4-fs (sda1): re-mounted. Opts: (null)
[[0;32m  OK  [0m] Started Remount Root and Kernel File Systems.
[[0;32m  OK  [0m] Started udev Coldplug all Devices.
         Starting Load/Save Random Seed...
         Starting Flush Journal to Persistent Storage...
[[0;32m  OK  [0m] Started Uncomplicated firewall.
[[0;32m  OK  [0m] Started Create Static Device Nodes in /dev.
[[0;32m  OK  [0m] Started Load/Save Random Seed.
         Starting udev Kernel Device Manager...
[    9.116960] systemd-journald[425]: Received request to flush runtime journal from PID 1
[    9.167240] Loading iSCSI transport class v2.0-870.
[    9.466296] iscsi: registered transport (tcp)
[[0;32m  OK  [0m] Started LVM2 metadata daemon.
[[0;32m  OK  [0m] Started Set the console keyboard layout.
[   10.065109] iscsi: registered transport (iser)
[[0;32m  OK  [0m] Started Load Kernel Modules.
         Mounting FUSE Control File System...
         Starting Apply Kernel Variables...
         Mounting Kernel Configuration File System...
[[0;32m  OK  [0m] Mounted FUSE Control File System.
[[0;32m  OK  [0m] Mounted Kernel Configuration File System.
[[0;32m  OK  [0m] Started Monitoring of LVM2 mirrors,â€¦sing dmeventd or progress polling.
[[0;32m  OK  [0m] Reached target Local File Systems (Pre).
[[0;32m  OK  [0m] Reached target Local File Systems.
         Starting ebtables ruleset management...
         Starting Tell Plymouth To Write Out Runtime Data...
         Starting AppArmor initialization...
         Starting Set console font and keymap...
[[0;32m  OK  [0m] Started udev Kernel Device Manager.
[[0;32m  OK  [0m] Started Dispatch Password Requests to Console Directory Watch.
[[0;32m  OK  [0m] Reached target Local Encrypted Volumes.
[[0;32m  OK  [0m] Started Set console font and keymap.
[[0;32m  OK  [0m] Started Tell Plymouth To Write Out Runtime Data.
[[0;32m  OK  [0m] Found device /dev/ttyS0.
[[0;32m  OK  [0m] Started Apply Kernel Variables.
[[0;32m  OK  [0m] Started ebtables ruleset management.
[[0;32m  OK  [0m] Started Flush Journal to Persistent Storage.
         Starting Create Volatile Files and Directories...
[[0;32m  OK  [0m] Started Create Volatile Files and Directories.
         Starting Update UTMP about System Boot/Shutdown...
[[0;32m  OK  [0m] Listening on Load/Save RF Kill Switch Status /dev/rfkill Watch.
[[0;32m  OK  [0m] Started Update UTMP about System Boot/Shutdown.
         Mounting Arbitrary Executable File Formats File System...
[[0;32m  OK  [0m] Mounted Arbitrary Executable File Formats File System.
[[0;32m  OK  [0m] Started AppArmor initialization.
         Starting Load AppArmor profiles managed internally by snapd...
         Starting Initial cloud-init job (pre-networking)...
[[0;32m  OK  [0m] Started Load AppArmor profiles managed internally by snapd.
[   14.621480] cloud-init[602]: Cloud-init v. 23.1.2-0ubuntu0~18.04.1 running 'init-local' at Sun, 24 Aug 2025 20:41:03 +0000. Up 14.32 seconds.
[[0;32m  OK  [0m] Started Initial cloud-init job (pre-networking).
[[0;32m  OK  [0m] Reached target Network (Pre).
         Starting Network Service...
[[0;32m  OK  [0m] Started Network Service.
         Starting Network Name Resolution...
         Starting Wait for Network to be Configured...
[[0;32m  OK  [0m] Started Network Name Resolution.
[[0;32m  OK  [0m] Reached target Host and Network Name Lookups.
[[0;32m  OK  [0m] Reached target Network.
[[0;32m  OK  [0m] Started Wait for Network to be Configured.
         Starting Initial cloud-init job (metadata service crawler)...
[   17.678895] cloud-init[709]: Cloud-init v. 23.1.2-0ubuntu0~18.04.1 running 'init' at Sun, 24 Aug 2025 20:41:06 +0000. Up 17.39 seconds.
[   17.685382] cloud-init[709]: ci-info: ++++++++++++++++++++++++++++++++++++++Net device info++++++++++++++++++++++++++++++++++++++
[   17.687468] cloud-init[709]: ci-info: +--------+------+----------------------------+---------------+--------+-------------------+
[   17.689695] cloud-init[709]: ci-info: | Device |  Up  |          Address           |      Mask     | Scope  |     Hw-Address    |
[   17.691483] cloud-init[709]: ci-info: +--------+------+----------------------------+---------------+--------+-------------------+
[   17.693372] cloud-init[709]: ci-info: | enp0s3 | True |         10.0.2.15          | 255.255.255.0 | global | 02:3b:7b:b7:3b:2d |
[   17.710400] cloud-init[709]: ci-info: | enp0s3 | True | fe80::3b:7bff:feb7:3b2d/64 |       .       |  link  | 02:3b:7b:b7:3b:2d |
[   17.713900] cloud-init[709]: ci-info: |   lo   | True |         127.0.0.1          |   255.0.0.0   |  host  |         .         |
[   17.715806] cloud-init[709]: ci-info: |   lo   | True |          ::1/128           |       .       |  host  |         .         |
[   17.717918] cloud-init[709]: ci-info: +--------+------+----------------------------+---------------+--------+-------------------+
[   17.732245] cloud-init[709]: ci-info: ++++++++++++++++++++++++++++Route IPv4 info+++++++++++++++++++++++++++++
[   17.734730] cloud-init[709]: ci-info: +-------+-------------+----------+-----------------+-----------+-------+
[   17.736752] cloud-init[709]: ci-info: | Route | Destination | Gateway  |     Genmask     | Interface | Flags |
[   17.738401] cloud-init[709]: ci-info: +-------+-------------+----------+-----------------+-----------+-------+
[   17.740846] cloud-init[709]: ci-info: |   0   |   0.0.0.0   | 10.0.2.2 |     0.0.0.0     |   enp0s3  |   UG  |
[   17.743043] cloud-init[709]: ci-info: |   1   |   10.0.2.0  | 0.0.0.0  |  255.255.255.0  |   enp0s3  |   U   |
[   17.745208] cloud-init[709]: ci-info: |   2   |   10.0.2.2  | 0.0.0.0  | 255.255.255.255 |   enp0s3  |   UH  |
[   17.747786] cloud-init[709]: ci-info: +-------+-------------+----------+-----------------+-----------+-------+
[   17.749925] cloud-init[709]: ci-info: +++++++++++++++++++Route IPv6 info+++++++++++++++++++
[   17.751722] cloud-init[709]: ci-info: +-------+-------------+---------+-----------+-------+
[   17.753497] cloud-init[709]: ci-info: | Route | Destination | Gateway | Interface | Flags |
[   17.755583] cloud-init[709]: ci-info: +-------+-------------+---------+-----------+-------+
[   17.757383] cloud-init[709]: ci-info: |   1   |  fe80::/64  |    ::   |   enp0s3  |   U   |
[   17.759285] cloud-init[709]: ci-info: |   3   |    local    |    ::   |   enp0s3  |   U   |
[   17.761046] cloud-init[709]: ci-info: |   4   |   ff00::/8  |    ::   |   enp0s3  |   U   |
[   17.762905] cloud-init[709]: ci-info: +-------+-------------+---------+-----------+-------+
[[0;32m  OK  [0m] Started Initial cloud-init job (metadata service crawler).
[[0;32m  OK  [0m] Reached target Cloud-config availability.
[[0;32m  OK  [0m] Reached target System Initialization.
[[0;32m  OK  [0m] Started Daily apt upgrade and clean activities.
[[0;32m  OK  [0m] Started ACPI Events Check.
[[0;32m  OK  [0m] Started Message of the Day.
         Starting Socket activation for snappy daemon.
[[0;32m  OK  [0m] Started Daily Cleanup of Temporary Directories.
[[0;32m  OK  [0m] Reached target Paths.
[[0;32m  OK  [0m] Started Ubuntu Advantage Timer for running repeated jobs.
[[0;32m  OK  [0m] Started Discard unused blocks once a week.
         Starting LXD - unix socket.
[[0;32m  OK  [0m] Listening on UUID daemon activation socket.
[[0;32m  OK  [0m] Listening on D-Bus System Message Bus Socket.
[[0;32m  OK  [0m] Listening on ACPID Listen Socket.
[[0;32m  OK  [0m] Listening on cloud-init hotplug hook socket.
[[0;32m  OK  [0m] Listening on Open-iSCSI iscsid Socket.
[[0;32m  OK  [0m] Reached target Timers.
[[0;32m  OK  [0m] Reached target Network is Online.
[[0;32m  OK  [0m] Reached target Remote File Systems (Pre).
         Mounting /vagrant...
         Starting Availability of block devices...
[[0;32m  OK  [0m] Listening on Socket activation for snappy daemon.
[[0;32m  OK  [0m] Listening on LXD - unix socket.
[[0;32m  OK  [0m] Reached target Sockets.
[[0;32m  OK  [0m] Reached target Basic System.
         Starting System Logging Service...
         Starting Dispatcher daemon for systemd-networkd...
         Starting Virtualbox guest utils...
         Starting Login Service...
         Starting LSB: Record successful boot for GRUB...
[[0;32m  OK  [0m] Started Deferred execution scheduler.
[[0;32m  OK  [0m] Started irqbalance daemon.
[[0;32m  OK  [0m] Started FUSE filesystem for LXC.
[[0;32m  OK  [0m] Started Regular background program processing daemon.
         Starting OpenBSD Secure Shell server...
[[0;32m  OK  [0m] Started D-Bus System Message Bus.
[[0;32m  OK  [0m] Started Login Service.
[[0;32m  OK  [0m] Started Unattended Upgrades Shutdown.
[[0;32m  OK  [0m] Reached target Login Prompts (Pre).
         Starting Daily apt upgrade and clean activities...
         Starting Snap Daemon...
         Starting Message of the Day...
         Starting LXD - container startup/shutdown...
         Starting Accounts Service...
[[0;32m  OK  [0m] Started System Logging Service.
[[0;32m  OK  [0m] Mounted /vagrant.
[[0;32m  OK  [0m] Started Availability of block devices.
[[0;32m  OK  [0m] Reached target Remote File Systems.
         Starting LSB: automatic crash report generation...
         Starting Permit User Sessions...
[[0;32m  OK  [0m] Started OpenBSD Secure Shell server.
[[0;32m  OK  [0m] Started Permit User Sessions.
         Starting Hold until boot process finishes up...
         Starting Terminate Plymouth Boot Screen...
[[0;32m  OK  [0m] Started Hold until boot process finishes up.
[[0;32m  OK  [0m] Started Serial Getty on ttyS0.
         Starting Set console scheme...
[[0;32m  OK  [0m] Started Terminate Plymouth Boot Screen.
[[0;32m  OK  [0m] Started Set console scheme.
[[0;32m  OK  [0m] Created slice system-getty.slice.
[[0;32m  OK  [0m] Started Getty on tty1.
[[0;32m  OK  [0m] Reached target Login Prompts.
[[0;32m  OK  [0m] Started LSB: Record successful boot for GRUB.
[[0;32m  OK  [0m] Started LSB: automatic crash report generation.
[[0;32m  OK  [0m] Started Virtualbox guest utils.
[[0;32m  OK  [0m] Started LXD - container startup/shutdown.
         Starting Authorization Manager...
[[0;32m  OK  [0m] Started Authorization Manager.
[[0;32m  OK  [0m] Started Accounts Service.
[[0;32m  OK  [0m] Started Dispatcher daemon for systemd-networkd.
[[0;32m  OK  [0m] Started Snap Daemon.
         Starting Wait until snapd is fully seeded...
         Starting Time & Date Service...
[[0;32m  OK  [0m] Started Time & Date Service.
[[0;32m  OK  [0m] Started Wait until snapd is fully seeded.
         Starting Apply the settings specified in cloud-config...
[   21.161891] cloud-init[1128]: Cloud-init v. 23.1.2-0ubuntu0~18.04.1 running 'modules:config' at Sun, 24 Aug 2025 20:41:10 +0000. Up 20.95 seconds.
[[0;32m  OK  [0m] Started Apply the settings specified in cloud-config.
[[0;32m  OK  [0m] Reached target Multi-User System.
[[0;32m  OK  [0m] Reached target Graphical Interface.
         Starting Update UTMP about System Runlevel Changes...
         Starting Execute cloud user/final scripts...
[[0;32m  OK  [0m] Started Update UTMP about System Runlevel Changes.
[   22.612261] cloud-init[1208]: Cloud-init v. 23.1.2-0ubuntu0~18.04.1 running 'modules:final' at Sun, 24 Aug 2025 20:41:11 +0000. Up 22.34 seconds.
[   22.614725] cloud-init[1208]: Cloud-init v. 23.1.2-0ubuntu0~18.04.1 finished at Sun, 24 Aug 2025 20:41:11 +0000. Datasource DataSourceNoCloud [seed=/dev/sdb][dsmode=net].  Up 22.59 seconds
[[0;32m  OK  [0m] Started Execute cloud user/final scripts.
[[0;32m  OK  [0m] Reached target Cloud-init target.

Ubuntu 18.04.6 LTS ubuntu-bionic ttyS0

ubuntu-bionic login: 